
[1m[46m RUN [49m[22m [36mv4.0.18 [39m[90mE:/Code/Seone-Frontend[39m

[90mstdout[2m | src/__tests__/useJobSubmit.contract.test.tsx[2m > [22m[2mJob Payload Contract & Invariants[2m > [22m[2mContract: Maps Hindi selection to CANONICAL payload
[22m[39m--- PAYLOAD: language_mode=hi, copy_language=hi ---
{
  "url": "https://www.youtube.com/watch?v=hindi_video",
  "min_duration": 1,
  "max_duration": 2,
  "count": 3,
  "template_ref": "template-ref-hi",
  "language_mode": "hi",
  "copy_language": "hi"
}

[90mstdout[2m | src/__tests__/useJobSubmit.contract.test.tsx[2m > [22m[2mJob Payload Contract & Invariants[2m > [22m[2mContract: Maps Auto selection + Copy En to CANONICAL payload
[22m[39m--- PAYLOAD: language_mode=auto, copy_language=en ---
{
  "url": "https://www.youtube.com/watch?v=auto_video",
  "min_duration": 1,
  "max_duration": 2,
  "count": 5,
  "template_ref": "template-ref-auto",
  "language_mode": "auto",
  "copy_language": "en"
}

[90mstdout[2m | src/__tests__/useJobSubmit.contract.test.tsx[2m > [22m[2mJob Payload Contract & Invariants[2m > [22m[2mContract: Maps Auto selection + Copy Hi to CANONICAL payload
[22m[39m--- PAYLOAD: language_mode=auto, copy_language=hi ---
{
  "url": "https://www.youtube.com/watch?v=auto_video_hi",
  "min_duration": 1,
  "max_duration": 2,
  "count": 5,
  "template_ref": "template-ref-auto",
  "language_mode": "auto",
  "copy_language": "hi"
}

[90mstdout[2m | src/__tests__/useJobSubmit.contract.test.tsx[2m > [22m[2mJob Payload Contract & Invariants[2m > [22m[2mContract: Maps English selection to CANONICAL payload
[22m[39m--- PAYLOAD: language_mode=en, copy_language=en ---
{
  "url": "https://www.youtube.com/watch?v=en_video",
  "min_duration": 1,
  "max_duration": 2,
  "count": 4,
  "template_ref": "template-ref-en",
  "language_mode": "en",
  "copy_language": "en"
}

[90mstdout[2m | src/__tests__/useJobSubmit.contract.test.tsx[2m > [22m[2mJob Payload Contract & Invariants[2m > [22m[2mRegression: Banner clears after fixing error (no phantom keys)
[22m[39m--- REGRESSION PASSED: youtubeUrl key removed from errors: [ [32m'copyLanguage'[39m, [32m'selectedTemplate'[39m ]

 [32mΓ£ô[39m src/__tests__/useJobSubmit.contract.test.tsx[2m > [22mJob Payload Contract & Invariants[2m > [22mInvariant: Initial state has NO errors (Banner check)[32m 14[2mms[22m[39m
 [32mΓ£ô[39m src/__tests__/useJobSubmit.contract.test.tsx[2m > [22mJob Payload Contract & Invariants[2m > [22mInvariant: Submit blocked if copyLanguage is NULL (No Network Call)[32m 5[2mms[22m[39m
 [32mΓ£ô[39m src/__tests__/useJobSubmit.contract.test.tsx[2m > [22mJob Payload Contract & Invariants[2m > [22mContract: Maps Hindi selection to CANONICAL payload[32m 4[2mms[22m[39m
 [32mΓ£ô[39m src/__tests__/useJobSubmit.contract.test.tsx[2m > [22mJob Payload Contract & Invariants[2m > [22mContract: Maps Auto selection + Copy En to CANONICAL payload[32m 2[2mms[22m[39m
 [32mΓ£ô[39m src/__tests__/useJobSubmit.contract.test.tsx[2m > [22mJob Payload Contract & Invariants[2m > [22mContract: Maps Auto selection + Copy Hi to CANONICAL payload[32m 2[2mms[22m[39m
 [32mΓ£ô[39m src/__tests__/useJobSubmit.contract.test.tsx[2m > [22mJob Payload Contract & Invariants[2m > [22mContract: Maps English selection to CANONICAL payload[32m 2[2mms[22m[39m
 [32mΓ£ô[39m src/__tests__/useJobSubmit.contract.test.tsx[2m > [22mJob Payload Contract & Invariants[2m > [22mRegression: Banner clears after fixing error (no phantom keys)[32m 3[2mms[22m[39m
 [32mΓ£ô[39m src/__tests__/useJobSubmit.contract.test.tsx[2m > [22mJob Payload Contract & Invariants[2m > [22mInvariant: Fields are strictly present[32m 2[2mms[22m[39m

[2m Test Files [22m [1m[32m1 passed[39m[22m[90m (1)[39m
[2m      Tests [22m [1m[32m8 passed[39m[22m[90m (8)[39m
[2m   Start at [22m 17:04:44
[2m   Duration [22m 1.48s[2m (transform 108ms, setup 114ms, import 267ms, tests 35ms, environment 870ms)[22m

